Archive member included to satisfy reference by file (symbol)

/usr/bin/../lib/gcc/arm-none-eabi/6.2.1/thumb/v6-m/libgcc.a(_udivsi3.o)
                              bin/ssp_11xx.o (__aeabi_uidiv)
/usr/bin/../lib/gcc/arm-none-eabi/6.2.1/thumb/v6-m/libgcc.a(_dvmd_tls.o)
                              /usr/bin/../lib/gcc/arm-none-eabi/6.2.1/thumb/v6-m/libgcc.a(_udivsi3.o) (__aeabi_idiv0)
/usr/bin/../lib/gcc/arm-none-eabi/6.2.1/thumb/v6-m/libgcc.a(_aeabi_uldivmod.o)
                              bin/mcp2515.o (__aeabi_uldivmod)
/usr/bin/../lib/gcc/arm-none-eabi/6.2.1/thumb/v6-m/libgcc.a(_fixunsdfsi.o)
                              bin/mcp2515.o (__aeabi_d2uiz)
/usr/bin/../lib/gcc/arm-none-eabi/6.2.1/thumb/v6-m/libgcc.a(_udivmoddi4.o)
                              /usr/bin/../lib/gcc/arm-none-eabi/6.2.1/thumb/v6-m/libgcc.a(_aeabi_uldivmod.o) (__udivmoddi4)
/usr/bin/../lib/gcc/arm-none-eabi/6.2.1/thumb/v6-m/libgcc.a(muldf3.o)
                              bin/mcp2515.o (__aeabi_dmul)
/usr/bin/../lib/gcc/arm-none-eabi/6.2.1/thumb/v6-m/libgcc.a(subdf3.o)
                              /usr/bin/../lib/gcc/arm-none-eabi/6.2.1/thumb/v6-m/libgcc.a(_fixunsdfsi.o) (__aeabi_dsub)
/usr/bin/../lib/gcc/arm-none-eabi/6.2.1/thumb/v6-m/libgcc.a(fixdfsi.o)
                              /usr/bin/../lib/gcc/arm-none-eabi/6.2.1/thumb/v6-m/libgcc.a(_fixunsdfsi.o) (__aeabi_d2iz)
/usr/bin/../lib/gcc/arm-none-eabi/6.2.1/thumb/v6-m/libgcc.a(floatsidf.o)
                              bin/mcp2515.o (__aeabi_i2d)
/usr/bin/../lib/gcc/arm-none-eabi/6.2.1/thumb/v6-m/libgcc.a(_arm_cmpdf2.o)
                              /usr/bin/../lib/gcc/arm-none-eabi/6.2.1/thumb/v6-m/libgcc.a(_fixunsdfsi.o) (__aeabi_dcmpge)
/usr/bin/../lib/gcc/arm-none-eabi/6.2.1/thumb/v6-m/libgcc.a(_clzsi2.o)
                              /usr/bin/../lib/gcc/arm-none-eabi/6.2.1/thumb/v6-m/libgcc.a(muldf3.o) (__clzsi2)
/usr/bin/../lib/gcc/arm-none-eabi/6.2.1/thumb/v6-m/libgcc.a(_clzdi2.o)
                              /usr/bin/../lib/gcc/arm-none-eabi/6.2.1/thumb/v6-m/libgcc.a(_udivmoddi4.o) (__clzdi2)
/usr/bin/../lib/gcc/arm-none-eabi/6.2.1/thumb/v6-m/libgcc.a(eqdf2.o)
                              /usr/bin/../lib/gcc/arm-none-eabi/6.2.1/thumb/v6-m/libgcc.a(_arm_cmpdf2.o) (__eqdf2)
/usr/bin/../lib/gcc/arm-none-eabi/6.2.1/thumb/v6-m/libgcc.a(gedf2.o)
                              /usr/bin/../lib/gcc/arm-none-eabi/6.2.1/thumb/v6-m/libgcc.a(_arm_cmpdf2.o) (__gedf2)
/usr/bin/../lib/gcc/arm-none-eabi/6.2.1/thumb/v6-m/libgcc.a(ledf2.o)
                              /usr/bin/../lib/gcc/arm-none-eabi/6.2.1/thumb/v6-m/libgcc.a(_arm_cmpdf2.o) (__ledf2)
/usr/bin/../lib/gcc/arm-none-eabi/6.2.1/../../../../arm-none-eabi/lib/thumb/v6-m/libg.a(lib_a-memcpy-stub.o)
                              bin/ring_buffer.o (memcpy)
/usr/bin/../lib/gcc/arm-none-eabi/6.2.1/../../../../arm-none-eabi/lib/thumb/v6-m/libg.a(lib_a-memset.o)
                              bin/ltc6804.o (memset)

Allocating common symbols
Common symbol       size              file

tmp_msg_obj         0x18              bin/can.o
_int_pin            0x1               bin/mcp2515.o
_tx_buffer          0xc0              bin/can.o
rx_msg              0x18              bin/main.o
_baud               0x4               bin/lc1024.o
_rx_buffer          0xc0              bin/can.o
_cs_pin             0x1               bin/mcp2515.o
msTicks             0x4               bin/main.o
_int_gpio           0x1               bin/mcp2515.o
_cs_gpio            0x1               bin/mcp2515.o
msg_obj             0x18              bin/can.o

Discarded input sections

 .data          0x0000000000000000        0x0 bin/startup_LPC11xx.o
 .bss           0x0000000000000000        0x0 bin/startup_LPC11xx.o
 .ARM.extab.isr_vector
                0x0000000000000000        0x0 bin/startup_LPC11xx.o
 .group         0x0000000000000000        0x8 bin/ssp_11xx.o
 .group         0x0000000000000000        0x8 bin/ssp_11xx.o
 .group         0x0000000000000000        0x8 bin/ssp_11xx.o
 .group         0x0000000000000000        0x8 bin/ssp_11xx.o
 .group         0x0000000000000000        0x8 bin/ssp_11xx.o
 .group         0x0000000000000000        0x8 bin/ssp_11xx.o
 .group         0x0000000000000000        0x8 bin/ssp_11xx.o
 .group         0x0000000000000000        0x8 bin/ssp_11xx.o
 .group         0x0000000000000000        0x8 bin/ssp_11xx.o
 .group         0x0000000000000000        0x8 bin/ssp_11xx.o
 .group         0x0000000000000000        0x8 bin/ssp_11xx.o
 .group         0x0000000000000000        0x8 bin/ssp_11xx.o
 .group         0x0000000000000000        0x8 bin/ssp_11xx.o
 .group         0x0000000000000000        0x8 bin/ssp_11xx.o
 .group         0x0000000000000000        0x8 bin/ssp_11xx.o
 .group         0x0000000000000000        0x8 bin/ssp_11xx.o
 .group         0x0000000000000000        0x8 bin/ssp_11xx.o
 .group         0x0000000000000000        0x8 bin/ssp_11xx.o
 .group         0x0000000000000000        0x8 bin/ssp_11xx.o
[...]
Memory Configuration

Name             Origin             Length             Attributes
FLASH            0x0000000000000000 0x0000000000008000 xr
RAM              0x0000000010000100 0x0000000000001f00 xrw
*default*        0x0000000000000000 0xffffffffffffffff

Linker script and memory map

LOAD bin/startup_LPC11xx.o
LOAD bin/ssp_11xx.o
LOAD bin/i2c_11xx.o
LOAD bin/adc_11xx.o
LOAD bin/iocon_11xx.o
LOAD bin/chip_11xx.o
LOAD bin/gpio_11xx_2.o
LOAD bin/pinint_11xx.o
LOAD bin/gpiogroup_11xx.o
LOAD bin/clock_11xx.o
LOAD bin/wwdt_11xx.o
LOAD bin/sysinit_11xx.o
LOAD bin/timer_11xx.o
LOAD bin/ring_buffer.o
LOAD bin/gpio_11xx_1.o
LOAD bin/pmu_11xx.o
LOAD bin/adc_1125.o
LOAD bin/sysctl_11xx.o
LOAD bin/uart_11xx.o
LOAD bin/main.o
LOAD bin/sysinit.o
LOAD bin/can_utils.o
LOAD bin/ltc6804.o
LOAD bin/brusa.o
LOAD bin/mcp2515.o
LOAD bin/a123mbb.o
LOAD bin/util.o
LOAD bin/can.o
LOAD bin/lc1024.o
LOAD /usr/bin/../lib/gcc/arm-none-eabi/6.2.1/../../../../arm-none-eabi/lib/thumb/v6-m/libstdc++.a
LOAD /usr/bin/../lib/gcc/arm-none-eabi/6.2.1/../../../../arm-none-eabi/lib/thumb/v6-m/libm.a
START GROUP
LOAD /usr/bin/../lib/gcc/arm-none-eabi/6.2.1/thumb/v6-m/libgcc.a
LOAD /usr/bin/../lib/gcc/arm-none-eabi/6.2.1/../../../../arm-none-eabi/lib/thumb/v6-m/libg.a
LOAD /usr/bin/../lib/gcc/arm-none-eabi/6.2.1/../../../../arm-none-eabi/lib/thumb/v6-m/libc.a
END GROUP

.text           0x0000000000000000      0x904
 *(.isr_vector)
 .isr_vector    0x0000000000000000       0xe0 bin/startup_LPC11xx.o
                0x0000000000000000                __isr_vector
                0x00000000000000c0                Reset_Handler
 *(.text*)
 .text          0x00000000000000e0        0xc bin/startup_LPC11xx.o
                0x00000000000000e0                NMI_Handler
                0x00000000000000e2                HardFault_Handler
                0x00000000000000e4                SVC_Handler
                0x00000000000000e6                PendSV_Handler
                0x00000000000000ea                TIMER16_0_IRQHandler
                0x00000000000000ea                UART_IRQHandler
                0x00000000000000ea                TIMER32_0_IRQHandler
                0x00000000000000ea                TIMER32_1_IRQHandler
                0x00000000000000ea                PIOINT1_IRQHandler
                0x00000000000000ea                SSP0_IRQHandler
                0x00000000000000ea                TIMER16_1_IRQHandler
                0x00000000000000ea                Default_Handler
                0x00000000000000ea                ADC_IRQHandler
                0x00000000000000ea                SSP1_IRQHandler
                0x00000000000000ea                PIOINT2_IRQHandler
                0x00000000000000ea                BOD_IRQHandler
                0x00000000000000ea                WAKEUP_IRQHandler
                0x00000000000000ea                PIOINT0_IRQHandler
                0x00000000000000ea                I2C_IRQHandler
                0x00000000000000ea                WDT_IRQHandler
                0x00000000000000ea                PIOINT3_IRQHandler
 .text.SystemCoreClockUpdate
                0x00000000000000ec       0x10 bin/chip_11xx.o
                0x00000000000000ec                SystemCoreClockUpdate
 .text.Chip_Clock_GetMainClockRate
                0x00000000000000fc       0x84 bin/clock_11xx.o
                0x00000000000000fc                Chip_Clock_GetMainClockRate
 .text.Chip_Clock_GetSystemClockRate
                0x0000000000000180       0x14 bin/clock_11xx.o
                0x0000000000000180                Chip_Clock_GetSystemClockRate
 .text.RingBuffer_Init
                0x0000000000000194       0x10 bin/ring_buffer.o
                0x0000000000000194                RingBuffer_Init
 .text.RingBuffer_Insert
                0x00000000000001a4       0x34 bin/ring_buffer.o
                0x00000000000001a4                RingBuffer_Insert
 .text.RingBuffer_Pop
                0x00000000000001d8       0x34 bin/ring_buffer.o
                0x00000000000001d8                RingBuffer_Pop
 .text.Chip_UART_Init
                0x000000000000020c       0x28 bin/uart_11xx.o
                0x000000000000020c                Chip_UART_Init
 .text.Chip_UART_SendBlocking
                0x0000000000000234       0x2c bin/uart_11xx.o
                0x0000000000000234                Chip_UART_SendBlocking
 .text.Chip_UART_SetBaud
                0x0000000000000260       0x38 bin/uart_11xx.o
                0x0000000000000260                Chip_UART_SetBaud
 .text.SysTick_Handler
                0x0000000000000298       0x10 bin/main.o
                0x0000000000000298                SysTick_Handler
 .text.startup.main
                0x00000000000002a8      0x144 bin/main.o
                0x00000000000002a8                main
 .text.SystemInit
                0x00000000000003ec       0x8c bin/sysinit.o
                0x00000000000003ec                SystemInit
 .text.CAN_MakeBMSHeartbeat
                0x0000000000000478        0x4 bin/can_utils.o
                0x0000000000000478                CAN_MakeBMSHeartbeat
 .text.CAN_error
                0x000000000000047c       0x14 bin/can.o
                0x000000000000047c                CAN_error
 .text.CAN_rx   0x0000000000000490       0x28 bin/can.o
                0x0000000000000490                CAN_rx
 .text.CAN_tx   0x00000000000004b8       0x30 bin/can.o
                0x00000000000004b8                CAN_tx
 .text.Baudrate_Calculate
                0x00000000000004e8       0x94 bin/can.o
                0x00000000000004e8                Baudrate_Calculate
 .text.CAN_IRQHandler
                0x000000000000057c       0x14 bin/can.o
                0x000000000000057c                CAN_IRQHandler
 .text.CAN_Init
                0x0000000000000590       0xb4 bin/can.o
                0x0000000000000590                CAN_Init
 .text.CAN_Receive
                0x0000000000000644       0x3c bin/can.o
                0x0000000000000644                CAN_Receive
 .text          0x0000000000000680      0x114 /usr/bin/../lib/gcc/arm-none-eabi/6.2.1/thumb/v6-m/libgcc.a(_udivsi3.o)
                0x0000000000000680                __udivsi3
                0x0000000000000680                __aeabi_uidiv
                0x000000000000078c                __aeabi_uidivmod
 .text          0x0000000000000794        0x4 /usr/bin/../lib/gcc/arm-none-eabi/6.2.1/thumb/v6-m/libgcc.a(_dvmd_tls.o)
                0x0000000000000794                __aeabi_ldiv0
                0x0000000000000794                __aeabi_idiv0
 .text.memcpy   0x0000000000000798       0x84 /usr/bin/../lib/gcc/arm-none-eabi/6.2.1/../../../../arm-none-eabi/lib/thumb/v6-m/libg.a(lib_a-memcpy-stub.o)
                0x0000000000000798                memcpy
 *(.init)
 *(.fini)
 *crtbegin.o(.ctors)
 *crtbegin?.o(.ctors)
 *(EXCLUDE_FILE(*crtend.o *crtend?.o) .ctors)
 *(SORT(.ctors.*))
 *(.ctors)
 *crtbegin.o(.dtors)
 *crtbegin?.o(.dtors)
 *(EXCLUDE_FILE(*crtend.o *crtend?.o) .dtors)
 *(SORT(.dtors.*))
 *(.dtors)
 *(.rodata*)
 .rodata.wdtOSCRate
                0x000000000000081c       0x40 bin/clock_11xx.o
 .rodata.OscRateIn
                0x000000000000085c        0x4 bin/main.o
                0x000000000000085c                OscRateIn
 .rodata.main.str1.4
                0x0000000000000860       0x84 bin/main.o
                                         0x81 (size before relaxing)
 .rodata        0x00000000000008e4       0x20 bin/can.o
 *(.eh_frame*)

.glue_7         0x0000000000000904        0x0
 .glue_7        0x0000000000000904        0x0 linker stubs

.glue_7t        0x0000000000000904        0x0
 .glue_7t       0x0000000000000904        0x0 linker stubs

.vfp11_veneer   0x0000000000000904        0x0
 .vfp11_veneer  0x0000000000000904        0x0 linker stubs

.v4_bx          0x0000000000000904        0x0
 .v4_bx         0x0000000000000904        0x0 linker stubs

.iplt           0x0000000000000904        0x0
 .iplt          0x0000000000000904        0x0 bin/startup_LPC11xx.o

.ARM.extab
 *(.ARM.extab* .gnu.linkonce.armextab.*)
                0x0000000000000904                __exidx_start = .

.ARM.exidx      0x0000000000000904        0x8
 *(.ARM.exidx* .gnu.linkonce.armexidx.*)
 .ARM.exidx.isr_vector
                0x0000000000000904        0x8 bin/startup_LPC11xx.o
                0x000000000000090c                __exidx_end = .
                0x000000000000090c                __etext = .

.rel.dyn        0x000000000000090c        0x0
 .rel.iplt      0x000000000000090c        0x0 bin/startup_LPC11xx.o

.data           0x0000000010000100        0x4 load address 0x000000000000090c
                0x0000000010000100                __data_start__ = .
 *(vtable)
 *(.data*)
 .data.SystemCoreClock
                0x0000000010000100        0x4 bin/sysinit.o
                0x0000000010000100                SystemCoreClock
                0x0000000010000104                . = ALIGN (0x4)
                [!provide]                        PROVIDE (__preinit_array_start, .)
 *(.preinit_array)
                [!provide]                        PROVIDE (__preinit_array_end, .)
                0x0000000010000104                . = ALIGN (0x4)
                [!provide]                        PROVIDE (__init_array_start, .)
 *(SORT(.init_array.*))
 *(.init_array)
                [!provide]                        PROVIDE (__init_array_end, .)
                0x0000000010000104                . = ALIGN (0x4)
                [!provide]                        PROVIDE (__fini_array_start, .)
 *(SORT(.fini_array.*))
 *(.fini_array)
                [!provide]                        PROVIDE (__fini_array_end, .)
 *(.jcr*)
                0x0000000010000104                . = ALIGN (0x4)
                0x0000000010000104                __data_end__ = .

.igot.plt       0x0000000010000104        0x0 load address 0x0000000000000910
 .igot.plt      0x0000000010000104        0x0 bin/startup_LPC11xx.o

.bss            0x0000000010000108      0x200 load address 0x0000000000000918
                0x0000000010000108                . = ALIGN (0x4)
                0x0000000010000108                __bss_start__ = .
 *(.bss*)
 .bss.can_error_flag
                0x0000000010000108        0x1 bin/can.o
 *fill*         0x0000000010000109        0x3 
 .bss.can_error_info
                0x000000001000010c        0x4 bin/can.o
 .bss.rx_buffer
                0x0000000010000110       0x14 bin/can.o
 .bss.tx_buffer
                0x0000000010000124       0x14 bin/can.o
 *(COMMON)
 COMMON         0x0000000010000138       0x1c bin/main.o
                0x0000000010000138                rx_msg
                0x0000000010000150                msTicks
 *fill*         0x0000000010000154        0x4 
 COMMON         0x0000000010000158      0x1b0 bin/can.o
                0x0000000010000158                tmp_msg_obj
                0x0000000010000170                _tx_buffer
                0x0000000010000230                _rx_buffer
                0x00000000100002f0                msg_obj
                0x0000000010000308                . = ALIGN (0x4)
                0x0000000010000308                __bss_end__ = .

.heap           0x0000000010000308        0x0
                0x0000000010000308                __end__ = .
                [!provide]                        PROVIDE (end, .)
 *(.heap*)
                0x0000000010000308                __HeapLimit = .

.stack_dummy    0x0000000010000308      0x200
 *(.stack*)
 .stack         0x0000000010000308      0x200 bin/startup_LPC11xx.o
                0x0000000010002000                __StackTop = (ORIGIN (RAM) + LENGTH (RAM))
                0x0000000010001e00                __StackLimit = (__StackTop - SIZEOF (.stack_dummy))
                [!provide]                        PROVIDE (__stack, __StackTop)
                0x0000000000000001                ASSERT ((__StackLimit >= __HeapLimit), region RAM overflowed with stack)
OUTPUT(bin/blink.elf elf32-littlearm)

.ARM.attributes
                0x0000000000000000       0x2d
 .ARM.attributes
                0x0000000000000000       0x21 bin/startup_LPC11xx.o
 .ARM.attributes
                0x0000000000000021       0x31 bin/chip_11xx.o
 .ARM.attributes
                0x0000000000000052       0x31 bin/clock_11xx.o
 .ARM.attributes
                0x0000000000000083       0x31 bin/ring_buffer.o
 .ARM.attributes
                0x00000000000000b4       0x31 bin/uart_11xx.o
 .ARM.attributes
                0x00000000000000e5       0x31 bin/main.o
 .ARM.attributes
                0x0000000000000116       0x31 bin/sysinit.o
 .ARM.attributes
                0x0000000000000147       0x31 bin/can_utils.o
 .ARM.attributes
                0x0000000000000178       0x31 bin/can.o
 .ARM.attributes
                0x00000000000001a9       0x1e /usr/bin/../lib/gcc/arm-none-eabi/6.2.1/thumb/v6-m/libgcc.a(_udivsi3.o)
 .ARM.attributes
                0x00000000000001c7       0x1e /usr/bin/../lib/gcc/arm-none-eabi/6.2.1/thumb/v6-m/libgcc.a(_dvmd_tls.o)
 .ARM.attributes
                0x00000000000001e5       0x2c /usr/bin/../lib/gcc/arm-none-eabi/6.2.1/../../../../arm-none-eabi/lib/thumb/v6-m/libg.a(lib_a-memcpy-stub.o)

.comment        0x0000000000000000       0x6e
 .comment       0x0000000000000000       0x6e bin/chip_11xx.o
                                         0x6f (size before relaxing)
 .comment       0x000000000000006e       0x6f bin/clock_11xx.o
 .comment       0x000000000000006e       0x6f bin/ring_buffer.o
 .comment       0x000000000000006e       0x6f bin/uart_11xx.o
 .comment       0x000000000000006e       0x6f bin/main.o
 .comment       0x000000000000006e       0x6f bin/sysinit.o
 .comment       0x000000000000006e       0x6f bin/can_utils.o
 .comment       0x000000000000006e       0x6f bin/can.o

.debug_line     0x0000000000000000     0x21cc
 .debug_line    0x0000000000000000       0x9e bin/startup_LPC11xx.o
 .debug_line    0x000000000000009e      0x314 bin/chip_11xx.o
 .debug_line    0x00000000000003b2      0x449 bin/clock_11xx.o
 .debug_line    0x00000000000007fb      0x366 bin/ring_buffer.o
 .debug_line    0x0000000000000b61      0x622 bin/uart_11xx.o
 .debug_line    0x0000000000001183      0x479 bin/main.o
 .debug_line    0x00000000000015fc      0x317 bin/sysinit.o
 .debug_line    0x0000000000001913      0x2f0 bin/can_utils.o
 .debug_line    0x0000000000001c03      0x5c9 bin/can.o

.debug_info     0x0000000000000000     0x66f8
 .debug_info    0x0000000000000000       0xac bin/startup_LPC11xx.o
 .debug_info    0x00000000000000ac       0xfa bin/chip_11xx.o
 .debug_info    0x00000000000001a6      0x9d0 bin/clock_11xx.o
 .debug_info    0x0000000000000b76      0xc99 bin/ring_buffer.o
 .debug_info    0x000000000000180f     0x1384 bin/uart_11xx.o
 .debug_info    0x0000000000002b93     0x1465 bin/main.o
 .debug_info    0x0000000000003ff8      0x546 bin/sysinit.o
 .debug_info    0x000000000000453e      0x21f bin/can_utils.o
 .debug_info    0x000000000000475d     0x1f9b bin/can.o

.debug_abbrev   0x0000000000000000     0x13c1
 .debug_abbrev  0x0000000000000000       0x12 bin/startup_LPC11xx.o
 .debug_abbrev  0x0000000000000012       0xa6 bin/chip_11xx.o
 .debug_abbrev  0x00000000000000b8      0x2b0 bin/clock_11xx.o
 .debug_abbrev  0x0000000000000368      0x29f bin/ring_buffer.o
 .debug_abbrev  0x0000000000000607      0x38c bin/uart_11xx.o
 .debug_abbrev  0x0000000000000993      0x399 bin/main.o
 .debug_abbrev  0x0000000000000d2c       0xfb bin/sysinit.o
 .debug_abbrev  0x0000000000000e27      0x104 bin/can_utils.o
 .debug_abbrev  0x0000000000000f2b      0x496 bin/can.o

.debug_aranges  0x0000000000000000      0x268
 .debug_aranges
                0x0000000000000000       0x28 bin/startup_LPC11xx.o
 .debug_aranges
                0x0000000000000028       0x20 bin/chip_11xx.o
 .debug_aranges
                0x0000000000000048       0x68 bin/clock_11xx.o
 .debug_aranges
                0x00000000000000b0       0x40 bin/ring_buffer.o
 .debug_aranges
                0x00000000000000f0       0x80 bin/uart_11xx.o
 .debug_aranges
                0x0000000000000170       0x28 bin/main.o
 .debug_aranges
                0x0000000000000198       0x20 bin/sysinit.o
 .debug_aranges
                0x00000000000001b8       0x20 bin/can_utils.o
 .debug_aranges
                0x00000000000001d8       0x90 bin/can.o

.debug_ranges   0x0000000000000000      0x558
 .debug_ranges  0x0000000000000000       0x20 bin/startup_LPC11xx.o
 .debug_ranges  0x0000000000000020       0x10 bin/chip_11xx.o
 .debug_ranges  0x0000000000000030       0xc0 bin/clock_11xx.o
 .debug_ranges  0x00000000000000f0       0xa0 bin/ring_buffer.o
 .debug_ranges  0x0000000000000190      0x240 bin/uart_11xx.o
 .debug_ranges  0x00000000000003d0       0x68 bin/main.o
 .debug_ranges  0x0000000000000438       0x10 bin/sysinit.o
 .debug_ranges  0x0000000000000448       0x10 bin/can_utils.o
 .debug_ranges  0x0000000000000458      0x100 bin/can.o

.debug_macro    0x0000000000000000     0x1bd7
 .debug_macro   0x0000000000000000      0x16f bin/chip_11xx.o
 .debug_macro   0x000000000000016f      0x16f bin/clock_11xx.o
 .debug_macro   0x00000000000002de      0x148 bin/ring_buffer.o
 .debug_macro   0x0000000000000426       0x4c bin/ring_buffer.o
 .debug_macro   0x0000000000000472       0x8d bin/ring_buffer.o
 .debug_macro   0x00000000000004ff       0x35 bin/ring_buffer.o
 .debug_macro   0x0000000000000534       0x9c bin/ring_buffer.o
 .debug_macro   0x00000000000005d0      0x16d bin/ring_buffer.o
 .debug_macro   0x000000000000073d       0x57 bin/ring_buffer.o
 .debug_macro   0x0000000000000794       0x52 bin/ring_buffer.o
 .debug_macro   0x00000000000007e6       0x1f bin/ring_buffer.o
 .debug_macro   0x0000000000000805       0x43 bin/ring_buffer.o
 .debug_macro   0x0000000000000848       0x20 bin/ring_buffer.o
 .debug_macro   0x0000000000000868      0x187 bin/ring_buffer.o
 .debug_macro   0x00000000000009ef      0x330 bin/ring_buffer.o
 .debug_macro   0x0000000000000d1f       0x10 bin/ring_buffer.o
 .debug_macro   0x0000000000000d2f       0x35 bin/ring_buffer.o
 .debug_macro   0x0000000000000d64       0x66 bin/ring_buffer.o
 .debug_macro   0x0000000000000dca       0x10 bin/ring_buffer.o
 .debug_macro   0x0000000000000dda      0x16f bin/uart_11xx.o
 .debug_macro   0x0000000000000f49      0x2ae bin/main.o
 .debug_macro   0x00000000000011f7       0x52 bin/main.o
 .debug_macro   0x0000000000001249       0x16 bin/main.o
 .debug_macro   0x000000000000125f       0x16 bin/main.o
 .debug_macro   0x0000000000001275       0x29 bin/main.o
 .debug_macro   0x000000000000129e      0x366 bin/main.o
 .debug_macro   0x0000000000001604      0x225 bin/sysinit.o
 .debug_macro   0x0000000000001829      0x177 bin/can_utils.o
 .debug_macro   0x00000000000019a0      0x237 bin/can.o

.debug_str      0x0000000000000000     0xdec1
 .debug_str     0x0000000000000000     0x744c bin/chip_11xx.o
                                       0x7619 (size before relaxing)
 .debug_str     0x000000000000744c      0x7f1 bin/clock_11xx.o
                                       0x7dcf (size before relaxing)
 .debug_str     0x0000000000007c3d     0x2f1f bin/ring_buffer.o
                                       0x65ae (size before relaxing)
 .debug_str     0x000000000000ab5c      0x4ea bin/uart_11xx.o
                                       0x7df3 (size before relaxing)
 .debug_str     0x000000000000b046     0x247c bin/main.o
                                       0xc9a2 (size before relaxing)
 .debug_str     0x000000000000d4c2      0x2db bin/sysinit.o
                                       0x7b24 (size before relaxing)
 .debug_str     0x000000000000d79d       0x10 bin/can_utils.o
                                       0x767d (size before relaxing)
 .debug_str     0x000000000000d7ad      0x714 bin/can.o
                                       0xb316 (size before relaxing)

.debug_frame    0x0000000000000000      0x600
 .debug_frame   0x0000000000000000       0x2c bin/chip_11xx.o
 .debug_frame   0x000000000000002c       0xd8 bin/clock_11xx.o
 .debug_frame   0x0000000000000104       0xc8 bin/ring_buffer.o
 .debug_frame   0x00000000000001cc      0x1c8 bin/uart_11xx.o
 .debug_frame   0x0000000000000394       0x54 bin/main.o
 .debug_frame   0x00000000000003e8       0x2c bin/sysinit.o
 .debug_frame   0x0000000000000414       0x20 bin/can_utils.o
 .debug_frame   0x0000000000000434      0x17c bin/can.o
 .debug_frame   0x00000000000005b0       0x20 /usr/bin/../lib/gcc/arm-none-eabi/6.2.1/thumb/v6-m/libgcc.a(_udivsi3.o)
 .debug_frame   0x00000000000005d0       0x30 /usr/bin/../lib/gcc/arm-none-eabi/6.2.1/../../../../arm-none-eabi/lib/thumb/v6-m/libg.a(lib_a-memcpy-stub.o)

.debug_loc      0x0000000000000000     0x1982
 .debug_loc     0x0000000000000000       0xea bin/clock_11xx.o
 .debug_loc     0x00000000000000ea      0x5d2 bin/ring_buffer.o
 .debug_loc     0x00000000000006bc      0xaf7 bin/uart_11xx.o
 .debug_loc     0x00000000000011b3      0x1a4 bin/main.o
 .debug_loc     0x0000000000001357       0x44 bin/sysinit.o
 .debug_loc     0x000000000000139b      0x5e7 bin/can.o

Cross Reference Table

Symbol                                            File
ADC_IRQHandler                                    bin/startup_LPC11xx.o
BOD_IRQHandler                                    bin/startup_LPC11xx.o
Baudrate_Calculate                                bin/can.o
Brusa_Decode                                      bin/brusa.o
Brusa_DecodeActI                                  bin/brusa.o
Brusa_DecodeActII                                 bin/brusa.o
Brusa_DecodeErr                                   bin/brusa.o
Brusa_DecodeStatus                                bin/brusa.o
Brusa_DecodeTemp                                  bin/brusa.o
Brusa_MakeCTL                                     bin/brusa.o
CAN_GetErrorStatus                                bin/can.o
CAN_GetRxErrorCount                               bin/can.o
CAN_GetTxErrorCount                               bin/can.o
CAN_IRQHandler                                    bin/can.o
                                                  bin/startup_LPC11xx.o
CAN_Init                                          bin/can.o
                                                  bin/main.o
CAN_IsTxBusy                                      bin/can.o
CAN_MakeBMSHeartbeat                              bin/can_utils.o
                                                  bin/main.o
CAN_Receive                                       bin/can.o
                                                  bin/main.o
CAN_ResetPeripheral                               bin/can.o
CAN_Transmit                                      bin/can.o
CAN_error                                         bin/can.o
CAN_rx                                            bin/can.o
CAN_tx                                            bin/can.o
Chip_ADC_DeInit                                   bin/adc_11xx.o
Chip_ADC_EnableChannel                            bin/adc_11xx.o
Chip_ADC_Init                                     bin/adc_11xx.o
Chip_ADC_Int_SetChannelCmd                        bin/adc_11xx.o
Chip_ADC_ReadByte                                 bin/adc_11xx.o
Chip_ADC_ReadStatus                               bin/adc_11xx.o
Chip_ADC_ReadValue                                bin/adc_11xx.o
Chip_ADC_SetBurstCmd                              bin/adc_11xx.o
Chip_ADC_SetResolution                            bin/adc_11xx.o
Chip_ADC_SetSampleRate                            bin/adc_11xx.o
Chip_ADC_SetStartMode                             bin/adc_11xx.o
Chip_Clock_GetMainClockRate                       bin/clock_11xx.o
                                                  bin/can.o
                                                  bin/uart_11xx.o
                                                  bin/ssp_11xx.o
Chip_Clock_GetSystemClockRate                     bin/clock_11xx.o
                                                  bin/chip_11xx.o
                                                  bin/adc_11xx.o
Chip_Clock_GetSystemPLLInClockRate                bin/clock_11xx.o
Chip_Clock_GetSystemPLLOutClockRate               bin/clock_11xx.o
Chip_Clock_GetWDTOSCRate                          bin/clock_11xx.o
Chip_Clock_SetCLKOUTSource                        bin/clock_11xx.o
Chip_Clock_SetMainClockSource                     bin/clock_11xx.o
                                                  bin/sysinit_11xx.o
Chip_Clock_SetPLLBypass                           bin/clock_11xx.o
Chip_Clock_SetSystemPLLSource                     bin/clock_11xx.o
                                                  bin/sysinit_11xx.o
Chip_Clock_SetWDTClockSource                      bin/clock_11xx.o
Chip_GPIO_DeInit                                  bin/gpio_11xx_2.o
Chip_GPIO_Init                                    bin/gpio_11xx_2.o
Chip_GPIO_SetDir                                  bin/gpio_11xx_2.o
Chip_GPIO_SetPinDIR                               bin/gpio_11xx_2.o
Chip_GPIO_SetPortDIR                              bin/gpio_11xx_2.o
Chip_GPIO_SetupPinInt                             bin/gpio_11xx_2.o
Chip_GPIO_WriteDirBit                             bin/gpio_11xx_2.o
                                                  bin/lc1024.o
                                                  bin/mcp2515.o
                                                  bin/ltc6804.o
Chip_I2C_DeInit                                   bin/i2c_11xx.o
Chip_I2C_Disable                                  bin/i2c_11xx.o
Chip_I2C_EventHandler                             bin/i2c_11xx.o
Chip_I2C_EventHandlerPolling                      bin/i2c_11xx.o
Chip_I2C_GetClockRate                             bin/i2c_11xx.o
Chip_I2C_GetMasterEventHandler                    bin/i2c_11xx.o
Chip_I2C_Init                                     bin/i2c_11xx.o
Chip_I2C_IsMasterActive                           bin/i2c_11xx.o
Chip_I2C_IsStateChanged                           bin/i2c_11xx.o
Chip_I2C_MasterCmdRead                            bin/i2c_11xx.o
Chip_I2C_MasterRead                               bin/i2c_11xx.o
Chip_I2C_MasterSend                               bin/i2c_11xx.o
Chip_I2C_MasterStateHandler                       bin/i2c_11xx.o
Chip_I2C_MasterTransfer                           bin/i2c_11xx.o
Chip_I2C_SetClockRate                             bin/i2c_11xx.o
Chip_I2C_SetMasterEventHandler                    bin/i2c_11xx.o
Chip_I2C_SlaveSetup                               bin/i2c_11xx.o
Chip_I2C_SlaveStateHandler                        bin/i2c_11xx.o
Chip_PMU_DeepPowerDownState                       bin/pmu_11xx.o
Chip_PMU_Sleep                                    bin/pmu_11xx.o
Chip_PMU_SleepState                               bin/pmu_11xx.o
Chip_SSP_DeInit                                   bin/ssp_11xx.o
Chip_SSP_Init                                     bin/ssp_11xx.o
                                                  bin/lc1024.o
                                                  bin/ltc6804.o
Chip_SSP_Int_FlushData                            bin/ssp_11xx.o
Chip_SSP_Int_RWFrames16Bits                       bin/ssp_11xx.o
Chip_SSP_Int_RWFrames8Bits                        bin/ssp_11xx.o
Chip_SSP_RWFrames_Blocking                        bin/ssp_11xx.o
                                                  bin/lc1024.o
                                                  bin/mcp2515.o
                                                  bin/ltc6804.o
Chip_SSP_ReadFrames_Blocking                      bin/ssp_11xx.o
Chip_SSP_SetBitRate                               bin/ssp_11xx.o
                                                  bin/lc1024.o
                                                  bin/ltc6804.o
Chip_SSP_SetClockRate                             bin/ssp_11xx.o
Chip_SSP_SetMaster                                bin/ssp_11xx.o
                                                  bin/lc1024.o
                                                  bin/ltc6804.o
Chip_SSP_WriteFrames_Blocking                     bin/ssp_11xx.o
                                                  bin/lc1024.o
                                                  bin/mcp2515.o
                                                  bin/ltc6804.o
Chip_SYSCTL_PowerDown                             bin/sysctl_11xx.o
                                                  bin/sysinit_11xx.o
                                                  bin/adc_11xx.o
Chip_SYSCTL_PowerUp                               bin/sysctl_11xx.o
                                                  bin/sysinit_11xx.o
                                                  bin/adc_11xx.o
Chip_SYSCTL_SetDeepSleepPD                        bin/sysctl_11xx.o
Chip_SYSCTL_SetWakeup                             bin/sysctl_11xx.o
Chip_SystemInit                                   bin/sysinit_11xx.o
Chip_TIMER_DeInit                                 bin/timer_11xx.o
Chip_TIMER_ExtMatchControlSet                     bin/timer_11xx.o
Chip_TIMER_Init                                   bin/timer_11xx.o
Chip_TIMER_Reset                                  bin/timer_11xx.o
Chip_UART_DeInit                                  bin/uart_11xx.o
Chip_UART_IRQRBHandler                            bin/uart_11xx.o
Chip_UART_Init                                    bin/uart_11xx.o
                                                  bin/main.o
Chip_UART_RXIntHandlerRB                          bin/uart_11xx.o
Chip_UART_Read                                    bin/uart_11xx.o
Chip_UART_ReadBlocking                            bin/uart_11xx.o
Chip_UART_ReadRB                                  bin/uart_11xx.o
Chip_UART_Send                                    bin/uart_11xx.o
Chip_UART_SendBlocking                            bin/uart_11xx.o
                                                  bin/main.o
Chip_UART_SendRB                                  bin/uart_11xx.o
Chip_UART_SetBaud                                 bin/uart_11xx.o
                                                  bin/main.o
Chip_UART_SetBaudFDR                              bin/uart_11xx.o
Chip_UART_TXIntHandlerRB                          bin/uart_11xx.o
Chip_WWDT_ClearStatusFlag                         bin/wwdt_11xx.o
Chip_WWDT_DeInit                                  bin/wwdt_11xx.o
Chip_WWDT_Init                                    bin/wwdt_11xx.o
Convert_To_CAN_Error                              bin/can.o
Default_Handler                                   bin/startup_LPC11xx.o
HardFault_Handler                                 bin/startup_LPC11xx.o
I2C_IRQHandler                                    bin/startup_LPC11xx.o
LC1024_Init                                       bin/lc1024.o
LC1024_ReadMem                                    bin/lc1024.o
LC1024_ReadStatusReg                              bin/lc1024.o
LC1024_WriteDisable                               bin/lc1024.o
LC1024_WriteEnable                                bin/lc1024.o
LC1024_WriteMem                                   bin/lc1024.o
LTC6804_CVST                                      bin/ltc6804.o
LTC6804_ClearCellVoltages                         bin/ltc6804.o
LTC6804_GetCellVoltages                           bin/ltc6804.o
LTC6804_Init                                      bin/ltc6804.o
LTC6804_OpenWireTest                              bin/ltc6804.o
LTC6804_UpdateBalanceStates                       bin/ltc6804.o
LTC6804_VerifyCFG                                 bin/ltc6804.o
LTC6804_WriteCFG                                  bin/ltc6804.o
MBB_DecodeExt                                     bin/a123mbb.o
MBB_DecodeStd                                     bin/a123mbb.o
MBB_MakeCMD                                       bin/a123mbb.o
MCP2515_BitModify                                 bin/mcp2515.o
MCP2515_GetEmptyTransmitBuffer                    bin/mcp2515.o
MCP2515_GetFullReceiveBuffer                      bin/mcp2515.o
MCP2515_Init                                      bin/mcp2515.o
MCP2515_LoadBuffer                                bin/mcp2515.o
MCP2515_LoadBufferData                            bin/mcp2515.o
MCP2515_Mode                                      bin/mcp2515.o
MCP2515_Read                                      bin/mcp2515.o
MCP2515_ReadBuffer                                bin/mcp2515.o
MCP2515_Reset                                     bin/mcp2515.o
MCP2515_SendBuffer                                bin/mcp2515.o
MCP2515_SetBitRate                                bin/mcp2515.o
MCP2515_Write                                     bin/mcp2515.o
NMI_Handler                                       bin/startup_LPC11xx.o
OscRateIn                                         bin/main.o
                                                  bin/clock_11xx.o
PIOINT0_IRQHandler                                bin/startup_LPC11xx.o
PIOINT1_IRQHandler                                bin/startup_LPC11xx.o
PIOINT2_IRQHandler                                bin/startup_LPC11xx.o
PIOINT3_IRQHandler                                bin/startup_LPC11xx.o
PendSV_Handler                                    bin/startup_LPC11xx.o
Reset_Handler                                     bin/startup_LPC11xx.o
RingBuffer_Init                                   bin/ring_buffer.o
                                                  bin/can.o
RingBuffer_Insert                                 bin/ring_buffer.o
                                                  bin/can.o
                                                  bin/uart_11xx.o
RingBuffer_InsertMult                             bin/ring_buffer.o
                                                  bin/uart_11xx.o
RingBuffer_Pop                                    bin/ring_buffer.o
                                                  bin/can.o
                                                  bin/uart_11xx.o
RingBuffer_PopMult                                bin/ring_buffer.o
                                                  bin/uart_11xx.o
SSP0_IRQHandler                                   bin/startup_LPC11xx.o
SSP1_IRQHandler                                   bin/startup_LPC11xx.o
SVC_Handler                                       bin/startup_LPC11xx.o
SysTick_Handler                                   bin/main.o
                                                  bin/startup_LPC11xx.o
SystemCoreClock                                   bin/sysinit.o
                                                  bin/chip_11xx.o
                                                  bin/main.o
                                                  bin/i2c_11xx.o
SystemCoreClockUpdate                             bin/chip_11xx.o
                                                  bin/main.o
SystemInit                                        bin/sysinit.o
                                                  bin/startup_LPC11xx.o
TIMER16_0_IRQHandler                              bin/startup_LPC11xx.o
TIMER16_1_IRQHandler                              bin/startup_LPC11xx.o
TIMER32_0_IRQHandler                              bin/startup_LPC11xx.o
TIMER32_1_IRQHandler                              bin/startup_LPC11xx.o
UART_IRQHandler                                   bin/startup_LPC11xx.o
WAKEUP_IRQHandler                                 bin/startup_LPC11xx.o
WDT_IRQHandler                                    bin/startup_LPC11xx.o
ZeroTxBuf                                         bin/lc1024.o
__StackLimit                                      bin/startup_LPC11xx.o
__StackTop                                        bin/startup_LPC11xx.o
__aeabi_cdcmpeq                                   /usr/bin/../lib/gcc/arm-none-eabi/6.2.1/thumb/v6-m/libgcc.a(_arm_cmpdf2.o)
__aeabi_cdcmple                                   /usr/bin/../lib/gcc/arm-none-eabi/6.2.1/thumb/v6-m/libgcc.a(_arm_cmpdf2.o)
__aeabi_cdrcmple                                  /usr/bin/../lib/gcc/arm-none-eabi/6.2.1/thumb/v6-m/libgcc.a(_arm_cmpdf2.o)
__aeabi_d2iz                                      /usr/bin/../lib/gcc/arm-none-eabi/6.2.1/thumb/v6-m/libgcc.a(fixdfsi.o)
                                                  /usr/bin/../lib/gcc/arm-none-eabi/6.2.1/thumb/v6-m/libgcc.a(_fixunsdfsi.o)
__aeabi_d2uiz                                     /usr/bin/../lib/gcc/arm-none-eabi/6.2.1/thumb/v6-m/libgcc.a(_fixunsdfsi.o)
                                                  bin/mcp2515.o
__aeabi_dcmpeq                                    /usr/bin/../lib/gcc/arm-none-eabi/6.2.1/thumb/v6-m/libgcc.a(_arm_cmpdf2.o)
__aeabi_dcmpge                                    /usr/bin/../lib/gcc/arm-none-eabi/6.2.1/thumb/v6-m/libgcc.a(_arm_cmpdf2.o)
                                                  /usr/bin/../lib/gcc/arm-none-eabi/6.2.1/thumb/v6-m/libgcc.a(_fixunsdfsi.o)
__aeabi_dcmpgt                                    /usr/bin/../lib/gcc/arm-none-eabi/6.2.1/thumb/v6-m/libgcc.a(_arm_cmpdf2.o)
__aeabi_dcmple                                    /usr/bin/../lib/gcc/arm-none-eabi/6.2.1/thumb/v6-m/libgcc.a(_arm_cmpdf2.o)
__aeabi_dcmplt                                    /usr/bin/../lib/gcc/arm-none-eabi/6.2.1/thumb/v6-m/libgcc.a(_arm_cmpdf2.o)
__aeabi_dmul                                      /usr/bin/../lib/gcc/arm-none-eabi/6.2.1/thumb/v6-m/libgcc.a(muldf3.o)
                                                  bin/mcp2515.o
__aeabi_dsub                                      /usr/bin/../lib/gcc/arm-none-eabi/6.2.1/thumb/v6-m/libgcc.a(subdf3.o)
                                                  /usr/bin/../lib/gcc/arm-none-eabi/6.2.1/thumb/v6-m/libgcc.a(_fixunsdfsi.o)
__aeabi_i2d                                       /usr/bin/../lib/gcc/arm-none-eabi/6.2.1/thumb/v6-m/libgcc.a(floatsidf.o)
                                                  bin/mcp2515.o
__aeabi_idiv0                                     /usr/bin/../lib/gcc/arm-none-eabi/6.2.1/thumb/v6-m/libgcc.a(_dvmd_tls.o)
                                                  /usr/bin/../lib/gcc/arm-none-eabi/6.2.1/thumb/v6-m/libgcc.a(_udivsi3.o)
__aeabi_ldiv0                                     /usr/bin/../lib/gcc/arm-none-eabi/6.2.1/thumb/v6-m/libgcc.a(_dvmd_tls.o)
                                                  /usr/bin/../lib/gcc/arm-none-eabi/6.2.1/thumb/v6-m/libgcc.a(_aeabi_uldivmod.o)
__aeabi_uidiv                                     /usr/bin/../lib/gcc/arm-none-eabi/6.2.1/thumb/v6-m/libgcc.a(_udivsi3.o)
                                                  bin/can.o
                                                  bin/mcp2515.o
                                                  bin/brusa.o
                                                  bin/ltc6804.o
                                                  bin/main.o
                                                  bin/uart_11xx.o
                                                  bin/clock_11xx.o
                                                  bin/adc_11xx.o
                                                  bin/i2c_11xx.o
                                                  bin/ssp_11xx.o
__aeabi_uidivmod                                  /usr/bin/../lib/gcc/arm-none-eabi/6.2.1/thumb/v6-m/libgcc.a(_udivsi3.o)
                                                  bin/uart_11xx.o
                                                  bin/ring_buffer.o
__aeabi_uldivmod                                  /usr/bin/../lib/gcc/arm-none-eabi/6.2.1/thumb/v6-m/libgcc.a(_aeabi_uldivmod.o)
                                                  bin/mcp2515.o
__bss_end__                                       bin/startup_LPC11xx.o
__bss_start__                                     bin/startup_LPC11xx.o
__clzdi2                                          /usr/bin/../lib/gcc/arm-none-eabi/6.2.1/thumb/v6-m/libgcc.a(_clzdi2.o)
                                                  /usr/bin/../lib/gcc/arm-none-eabi/6.2.1/thumb/v6-m/libgcc.a(_udivmoddi4.o)
__clzsi2                                          /usr/bin/../lib/gcc/arm-none-eabi/6.2.1/thumb/v6-m/libgcc.a(_clzsi2.o)
                                                  /usr/bin/../lib/gcc/arm-none-eabi/6.2.1/thumb/v6-m/libgcc.a(_clzdi2.o)
                                                  /usr/bin/../lib/gcc/arm-none-eabi/6.2.1/thumb/v6-m/libgcc.a(floatsidf.o)
                                                  /usr/bin/../lib/gcc/arm-none-eabi/6.2.1/thumb/v6-m/libgcc.a(subdf3.o)
                                                  /usr/bin/../lib/gcc/arm-none-eabi/6.2.1/thumb/v6-m/libgcc.a(muldf3.o)
__eqdf2                                           /usr/bin/../lib/gcc/arm-none-eabi/6.2.1/thumb/v6-m/libgcc.a(eqdf2.o)
                                                  /usr/bin/../lib/gcc/arm-none-eabi/6.2.1/thumb/v6-m/libgcc.a(_arm_cmpdf2.o)
__fixunsdfsi                                      /usr/bin/../lib/gcc/arm-none-eabi/6.2.1/thumb/v6-m/libgcc.a(_fixunsdfsi.o)
__gedf2                                           /usr/bin/../lib/gcc/arm-none-eabi/6.2.1/thumb/v6-m/libgcc.a(gedf2.o)
                                                  /usr/bin/../lib/gcc/arm-none-eabi/6.2.1/thumb/v6-m/libgcc.a(_arm_cmpdf2.o)
__gtdf2                                           /usr/bin/../lib/gcc/arm-none-eabi/6.2.1/thumb/v6-m/libgcc.a(gedf2.o)
__isr_vector                                      bin/startup_LPC11xx.o
__ledf2                                           /usr/bin/../lib/gcc/arm-none-eabi/6.2.1/thumb/v6-m/libgcc.a(ledf2.o)
                                                  /usr/bin/../lib/gcc/arm-none-eabi/6.2.1/thumb/v6-m/libgcc.a(_arm_cmpdf2.o)
__ltdf2                                           /usr/bin/../lib/gcc/arm-none-eabi/6.2.1/thumb/v6-m/libgcc.a(ledf2.o)
__nedf2                                           /usr/bin/../lib/gcc/arm-none-eabi/6.2.1/thumb/v6-m/libgcc.a(eqdf2.o)
__reverse                                         bin/util.o
__udivmoddi4                                      /usr/bin/../lib/gcc/arm-none-eabi/6.2.1/thumb/v6-m/libgcc.a(_udivmoddi4.o)
                                                  /usr/bin/../lib/gcc/arm-none-eabi/6.2.1/thumb/v6-m/libgcc.a(_aeabi_uldivmod.o)
__udivsi3                                         /usr/bin/../lib/gcc/arm-none-eabi/6.2.1/thumb/v6-m/libgcc.a(_udivsi3.o)
_baud                                             bin/lc1024.o
_calculate_pec                                    bin/ltc6804.o
_check_owt                                        bin/ltc6804.o
_check_st_results                                 bin/ltc6804.o
_command                                          bin/ltc6804.o
_cs_gpio                                          bin/lc1024.o
                                                  bin/mcp2515.o
_cs_pin                                           bin/lc1024.o
                                                  bin/mcp2515.o
_int_gpio                                         bin/mcp2515.o
_int_pin                                          bin/mcp2515.o
_read                                             bin/ltc6804.o
_rx_buffer                                        bin/can.o
_set_balance_states                               bin/ltc6804.o
_tx_buffer                                        bin/can.o
_wake                                             bin/ltc6804.o
_write                                            bin/ltc6804.o
divu10                                            bin/ltc6804.o
getSlaveIndex                                     bin/i2c_11xx.o
handleMasterXferState                             bin/i2c_11xx.o
handleSlaveXferState                              bin/i2c_11xx.o
main                                              bin/main.o
                                                  bin/startup_LPC11xx.o
memcpy                                            /usr/bin/../lib/gcc/arm-none-eabi/6.2.1/../../../../arm-none-eabi/lib/thumb/v6-m/libg.a(lib_a-memcpy-stub.o)
                                                  bin/ltc6804.o
                                                  bin/ring_buffer.o
memset                                            /usr/bin/../lib/gcc/arm-none-eabi/6.2.1/../../../../arm-none-eabi/lib/thumb/v6-m/libg.a(lib_a-memset.o)
                                                  bin/ltc6804.o
msTicks                                           bin/main.o
msg_obj                                           bin/can.o
prepare_tx_msg_obj                                bin/can.o
readAdcVal                                        bin/adc_11xx.o
rx_msg                                            bin/main.o
setStartMode                                      bin/adc_11xx.o
tmp_msg_obj                                       bin/can.o
